my computer@DESKTOP-OELJLGE MINGW64 ~/Desktop/Gamit
$ git init
Initialized empty Git repository in C:/Users/my computer/Desktop/Gamit/.git/

my computer@DESKTOP-OELJLGE MINGW64 ~/Desktop/Gamit (master)
$ git config --global user.name "Gamit"

my computer@DESKTOP-OELJLGE MINGW64 ~/Desktop/Gamit (master)
$  git config --global user.email stormclouds03@gmail.com

my computer@DESKTOP-OELJLGE MINGW64 ~/Desktop/Gamit (master)
$ git clone https://github.com/amillet2001/TSM3B
Cloning into 'TSM3B'...
remote: Enumerating objects: 108, done.
remote: Counting objects: 100% (47/47), done.
remote: Compressing objects: 100% (25/25), done.
remote: Total 108 (delta 32), reused 25 (delta 21), pack-reused 61
Receiving objects: 100% (108/108), 90.95 KiB | 3.14 MiB/s, done.
Resolving deltas: 100% (36/36), done.

my computer@DESKTOP-OELJLGE MINGW64 ~/Desktop/Gamit (master)
$ cd TSM3B

my computer@DESKTOP-OELJLGE MINGW64 ~/Desktop/Gamit/TSM3B (main)
$ git status
On branch main
Your branch is up to date with 'origin/main'.

nothing to commit, working tree clean

my computer@DESKTOP-OELJLGE MINGW64 ~/Desktop/Gamit/TSM3B (main)
$ git branch -b gamit-local
error: unknown switch `b'
usage: git branch [<options>] [-r | -a] [--merged] [--no-merged]
   or: git branch [<options>] [-f] [--recurse-submodules] <branch-name> [<start-point>]
   or: git branch [<options>] [-l] [<pattern>...]
   or: git branch [<options>] [-r] (-d | -D) <branch-name>...
   or: git branch [<options>] (-m | -M) [<old-branch>] <new-branch>
   or: git branch [<options>] (-c | -C) [<old-branch>] <new-branch>
   or: git branch [<options>] [-r | -a] [--points-at]
   or: git branch [<options>] [-r | -a] [--format]

Generic options
    -v, --[no-]verbose    show hash and subject, give twice for upstream branch
    -q, --[no-]quiet      suppress informational messages
    -t, --[no-]track[=(direct|inherit)]
                          set branch tracking configuration
    -u, --[no-]set-upstream-to <upstream>
                          change the upstream info
    --[no-]unset-upstream unset the upstream info
    --[no-]color[=<when>] use colored output
    -r, --remotes         act on remote-tracking branches
    --contains <commit>   print only branches that contain the commit
    --no-contains <commit>
                          print only branches that don't contain the commit
    --[no-]abbrev[=<n>]   use <n> digits to display object names

Specific git-branch actions:
    -a, --all             list both remote-tracking and local branches
    -d, --[no-]delete     delete fully merged branch
    -D                    delete branch (even if not merged)
    -m, --[no-]move       move/rename a branch and its reflog
    -M                    move/rename a branch, even if target exists
    --[no-]omit-empty     do not output a newline after empty formatted refs
    -c, --[no-]copy       copy a branch and its reflog
    -C                    copy a branch, even if target exists
    -l, --[no-]list       list branch names
    --[no-]show-current   show current branch name
    --[no-]create-reflog  create the branch's reflog
    --[no-]edit-description
                          edit the description for the branch
    -f, --[no-]force      force creation, move/rename, deletion
    --merged <commit>     print only branches that are merged
    --no-merged <commit>  print only branches that are not merged
    --[no-]column[=<style>]
                          list branches in columns
    --[no-]sort <key>     field name to sort on
    --[no-]points-at <object>
                          print only branches of the object
    -i, --[no-]ignore-case
                          sorting and filtering are case insensitive
    --[no-]recurse-submodules
                          recurse through submodules
    --[no-]format <format>
                          format to use for the output


my computer@DESKTOP-OELJLGE MINGW64 ~/Desktop/Gamit/TSM3B (main)
$ git status
On branch main
Your branch is up to date with 'origin/main'.

nothing to commit, working tree clean

my computer@DESKTOP-OELJLGE MINGW64 ~/Desktop/Gamit/TSM3B (main)
$ mkdir 2021300457

my computer@DESKTOP-OELJLGE MINGW64 ~/Desktop/Gamit/TSM3B (main)
$ git status
On branch main
Your branch is up to date with 'origin/main'.

nothing to commit, working tree clean

my computer@DESKTOP-OELJLGE MINGW64 ~/Desktop/Gamit/TSM3B (main)
$ git checkout -b gamit-local
Switched to a new branch 'gamit-local'

my computer@DESKTOP-OELJLGE MINGW64 ~/Desktop/Gamit/TSM3B (gamit-local)
$ touch gamit

my computer@DESKTOP-OELJLGE MINGW64 ~/Desktop/Gamit/TSM3B (gamit-local)
$ git commit -m "first commit"
On branch gamit-local
Untracked files:
  (use "git add <file>..." to include in what will be committed)
        gamit

nothing added to commit but untracked files present (use "git add" to track)

my computer@DESKTOP-OELJLGE MINGW64 ~/Desktop/Gamit/TSM3B (gamit-local)
$ git status
On branch gamit-local
Untracked files:
  (use "git add <file>..." to include in what will be committed)
        gamit

nothing added to commit but untracked files present (use "git add" to track)

my computer@DESKTOP-OELJLGE MINGW64 ~/Desktop/Gamit/TSM3B (gamit-local)
$ git aad.
git: 'aad.' is not a git command. See 'git --help'.

The most similar command is
        add

my computer@DESKTOP-OELJLGE MINGW64 ~/Desktop/Gamit/TSM3B (gamit-local)
$ git add.
git: 'add.' is not a git command. See 'git --help'.

The most similar command is
        add

my computer@DESKTOP-OELJLGE MINGW64 ~/Desktop/Gamit/TSM3B (gamit-local)
$ git add .

my computer@DESKTOP-OELJLGE MINGW64 ~/Desktop/Gamit/TSM3B (gamit-local)
$ git status
On branch gamit-local
Changes to be committed:
  (use "git restore --staged <file>..." to unstage)
        new file:   gamit


my computer@DESKTOP-OELJLGE MINGW64 ~/Desktop/Gamit/TSM3B (gamit-local)
$ git commit -m "Hello po"
[gamit-local ddf3ba0] Hello po
 1 file changed, 0 insertions(+), 0 deletions(-)
 create mode 100644 gamit

my computer@DESKTOP-OELJLGE MINGW64 ~/Desktop/Gamit/TSM3B (gamit-local)
$ git add .

my computer@DESKTOP-OELJLGE MINGW64 ~/Desktop/Gamit/TSM3B (gamit-local)
$ git status
On branch gamit-local
nothing to commit, working tree clean

my computer@DESKTOP-OELJLGE MINGW64 ~/Desktop/Gamit/TSM3B (gamit-local)
$ git push -u origin gamit-local
Enumerating objects: 3, done.
Counting objects: 100% (3/3), done.
Delta compression using up to 4 threads
Compressing objects: 100% (2/2), done.
Writing objects: 100% (2/2), 230 bytes | 230.00 KiB/s, done.
Total 2 (delta 1), reused 0 (delta 0), pack-reused 0
remote: Resolving deltas: 100% (1/1), completed with 1 local object.
remote:
remote: Create a pull request for 'gamit-local' on GitHub by visiting:
remote:      https://github.com/amillet2001/TSM3B/pull/new/gamit-local
remote:
To https://github.com/amillet2001/TSM3B
 * [new branch]      gamit-local -> gamit-local
branch 'gamit-local' set up to track 'origin/gamit-local'.
