
SI-Library-PC02@lib-02 MINGW32 ~/Desktop/Gamit (main)
$ git init
Initialized empty Git repository in C:/Users/SI-Library-PC02/Desktop/Gamit/.git/

SI-Library-PC02@lib-02 MINGW32 ~/Desktop/Gamit (main)
$ touch test.txt

SI-Library-PC02@lib-02 MINGW32 ~/Desktop/Gamit (main)
$ git commit --amend --reset-author
fatal: You have nothing to amend.

SI-Library-PC02@lib-02 MINGW32 ~/Desktop/Gamit (main)
$ git commit --amend --reset-author "resetting author"
fatal: You have nothing to amend.

SI-Library-PC02@lib-02 MINGW32 ~/Desktop/Gamit (main)
$ echo "this is my test" > test.txt

SI-Library-PC02@lib-02 MINGW32 ~/Desktop/Gamit (main)
$ git add .
warning: in the working copy of 'test.txt', LF will be replaced by CRLF the next time Git touches it

SI-Library-PC02@lib-02 MINGW32 ~/Desktop/Gamit (main)
$ git commit -m "1"
Author identity unknown

*** Please tell me who you are.

Run

  git config --global user.email "you@example.com"
  git config --global user.name "Your Name"

to set your account's default identity.
Omit --global to set the identity only in this repository.

fatal: unable to auto-detect email address (got 'SI-Library-PC02@lib-02.(none)')

SI-Library-PC02@lib-02 MINGW32 ~/Desktop/Gamit (main)
$ git config --global user.email "stormclouds03@gmail.com"

SI-Library-PC02@lib-02 MINGW32 ~/Desktop/Gamit (main)
$ git config --global user.name "jd"

SI-Library-PC02@lib-02 MINGW32 ~/Desktop/Gamit (main)
$ git status
On branch main

No commits yet

Changes to be committed:
  (use "git rm --cached <file>..." to unstage)
        new file:   test.txt


SI-Library-PC02@lib-02 MINGW32 ~/Desktop/Gamit (main)
$ git commit -m "1"
[main (root-commit) 9d265e6] 1
 1 file changed, 1 insertion(+)
 create mode 100644 test.txt

SI-Library-PC02@lib-02 MINGW32 ~/Desktop/Gamit (main)
$ git status
On branch main
nothing to commit, working tree clean

SI-Library-PC02@lib-02 MINGW32 ~/Desktop/Gamit (main)
$ git clone https://github.com/amillet2001/TSM3B
Cloning into 'TSM3B'...
fatal: unable to access 'https://github.com/amillet2001/TSM3B/': Could not resolve host: github.com

SI-Library-PC02@lib-02 MINGW32 ~/Desktop/Gamit (main)
$ cd TSM3B
bash: cd: TSM3B: No such file or directory

SI-Library-PC02@lib-02 MINGW32 ~/Desktop/Gamit (main)
$ git checkout -b Gamit-iptq1
Switched to a new branch 'Gamit-iptq1'

SI-Library-PC02@lib-02 MINGW32 ~/Desktop/Gamit (Gamit-iptq1)
$ mkdir 2021300457

SI-Library-PC02@lib-02 MINGW32 ~/Desktop/Gamit (Gamit-iptq1)
$ cd 2021300457

SI-Library-PC02@lib-02 MINGW32 ~/Desktop/Gamit/2021300457 (Gamit-iptq1)
$ git commit -m "2"
On branch Gamit-iptq1
Untracked files:
  (use "git add <file>..." to include in what will be committed)
        ../2021300457.html

nothing added to commit but untracked files present (use "git add" to track)

SI-Library-PC02@lib-02 MINGW32 ~/Desktop/Gamit/2021300457 (Gamit-iptq1)
$ git status
On branch Gamit-iptq1
Untracked files:
  (use "git add <file>..." to include in what will be committed)
        ../2021300457.html

nothing added to commit but untracked files present (use "git add" to track)

SI-Library-PC02@lib-02 MINGW32 ~/Desktop/Gamit/2021300457 (Gamit-iptq1)
$ git push -u origin Gamit-iptq1
fatal: 'origin' does not appear to be a git repository
fatal: Could not read from remote repository.

Please make sure you have the correct access rights
and the repository exists.

SI-Library-PC02@lib-02 MINGW32 ~/Desktop/Gamit/2021300457 (Gamit-iptq1)
$ git branch
* Gamit-iptq1
  main

SI-Library-PC02@lib-02 MINGW32 ~/Desktop/Gamit/2021300457 (Gamit-iptq1)
$ git add .

SI-Library-PC02@lib-02 MINGW32 ~/Desktop/Gamit/2021300457 (Gamit-iptq1)
$ git commit -m "3"
On branch Gamit-iptq1
Untracked files:
  (use "git add <file>..." to include in what will be committed)
        ../2021300457.html

nothing added to commit but untracked files present (use "git add" to track)

SI-Library-PC02@lib-02 MINGW32 ~/Desktop/Gamit/2021300457 (Gamit-iptq1)
$ git push -u origin Gamit-iptq1
fatal: 'origin' does not appear to be a git repository
fatal: Could not read from remote repository.

Please make sure you have the correct access rights
and the repository exists.

SI-Library-PC02@lib-02 MINGW32 ~/Desktop/Gamit/2021300457 (Gamit-iptq1)
$
