
Adrian@BigRED MINGW64 ~/Desktop/Pingol
$ git init
Initialized empty Git repository in C:/Users/Adrian/Desktop/Pingol/.git/

Adrian@BigRED MINGW64 ~/Desktop/Pingol (master)
$ git config --global user.name "Pingol"

Adrian@BigRED MINGW64 ~/Desktop/Pingol (master)
$ git config --global user.email madspingol@gmail.com

Adrian@BigRED MINGW64 ~/Desktop/Pingol (master)
$ git clone https://github.com/amillet2001/TSM3B
Cloning into 'TSM3B'...
remote: Enumerating objects: 124, done.
remote: Counting objects: 100% (63/63), done.
remote: Compressing objects: 100% (37/37), done.
Receiving objects: 100% (124/124), 93.88 KiB | 1.34 MiB/s, done.
remote: Total 124 (delta 40), reused 37 (delta 25), pack-reused 61
Resolving deltas: 100% (44/44), done.

Adrian@BigRED MINGW64 ~/Desktop/Pingol (master)
$ cd TSM3B

Adrian@BigRED MINGW64 ~/Desktop/Pingol/TSM3B (main)
$ git checkout -b "Pingol-local"
Switched to a new branch 'Pingol-local'

Adrian@BigRED MINGW64 ~/Desktop/Pingol/TSM3B (Pingol-local)
$ mkdir 2021300093

Adrian@BigRED MINGW64 ~/Desktop/Pingol/TSM3B (Pingol-local)
$ touch firstfile.txt

Adrian@BigRED MINGW64 ~/Desktop/Pingol/TSM3B (Pingol-local)
$ git add .

Adrian@BigRED MINGW64 ~/Desktop/Pingol/TSM3B (Pingol-local)
$ git commit -m "First Commit"
[Pingol-local c89275e] First Commit
 1 file changed, 0 insertions(+), 0 deletions(-)
 create mode 100644 firstfile.txt

Adrian@BigRED MINGW64 ~/Desktop/Pingol/TSM3B (Pingol-local)
$ git push -u Pingol-local
fatal: 'Pingol-local' does not appear to be a git repository
fatal: Could not read from remote repository.

Please make sure you have the correct access rights
and the repository exists.

Adrian@BigRED MINGW64 ~/Desktop/Pingol/TSM3B (Pingol-local)
$ git push
fatal: The current branch Pingol-local has no upstream branch.
To push the current branch and set the remote as upstream, use

    git push --set-upstream origin Pingol-local

To have this happen automatically for branches without a tracking
upstream, see 'push.autoSetupRemote' in 'git help config'.


Adrian@BigRED MINGW64 ~/Desktop/Pingol/TSM3B (Pingol-local)
$ git push --set-upstream origin Pingol-local
info: please complete authentication in your browser...
To https://github.com/amillet2001/TSM3B
 ! [rejected]        Pingol-local -> Pingol-local (non-fast-forward)
error: failed to push some refs to 'https://github.com/amillet2001/TSM3B'
hint: Updates were rejected because the tip of your current branch is behind
hint: its remote counterpart. If you want to integrate the remote changes,
hint: use 'git pull' before pushing again.
hint: See the 'Note about fast-forwards' in 'git push --help' for details.

Adrian@BigRED MINGW64 ~/Desktop/Pingol/TSM3B (Pingol-local)
$ git push
fatal: The current branch Pingol-local has no upstream branch.
To push the current branch and set the remote as upstream, use

    git push --set-upstream origin Pingol-local

To have this happen automatically for branches without a tracking
upstream, see 'push.autoSetupRemote' in 'git help config'.


Adrian@BigRED MINGW64 ~/Desktop/Pingol/TSM3B (Pingol-local)
$ git push --set-upstream origin Pingol-local
To https://github.com/amillet2001/TSM3B
 ! [rejected]        Pingol-local -> Pingol-local (non-fast-forward)
error: failed to push some refs to 'https://github.com/amillet2001/TSM3B'
hint: Updates were rejected because the tip of your current branch is behind
hint: its remote counterpart. If you want to integrate the remote changes,
hint: use 'git pull' before pushing again.
hint: See the 'Note about fast-forwards' in 'git push --help' for details.

Adrian@BigRED MINGW64 ~/Desktop/Pingol/TSM3B (Pingol-local)
$ git pull
There is no tracking information for the current branch.
Please specify which branch you want to merge with.
See git-pull(1) for details.

    git pull <remote> <branch>

If you wish to set tracking information for this branch you can do so with:

    git branch --set-upstream-to=origin/<branch> Pingol-local


Adrian@BigRED MINGW64 ~/Desktop/Pingol/TSM3B (Pingol-local)
$ git branch --set-upstream-to=origin/<branch> Pingol-local
bash: branch: No such file or directory

Adrian@BigRED MINGW64 ~/Desktop/Pingol/TSM3B (Pingol-local)
$ git pull <remote> <branch>
bash: syntax error near unexpected token `<'

Adrian@BigRED MINGW64 ~/Desktop/Pingol/TSM3B (Pingol-local)
$ git pull <remote> <Pingol-local>
bash: syntax error near unexpected token `<'

Adrian@BigRED MINGW64 ~/Desktop/Pingol/TSM3B (Pingol-local)
$ git pull https://github.com/amillet2001/TSM3B Pingol-local
From https://github.com/amillet2001/TSM3B
 * branch            Pingol-local -> FETCH_HEAD
Merge made by the 'ort' strategy.
 2021300093/File1.txt | 1 +
 1 file changed, 1 insertion(+)
 create mode 100644 2021300093/File1.txt

Adrian@BigRED MINGW64 ~/Desktop/Pingol/TSM3B (Pingol-local)
$ git push
fatal: The current branch Pingol-local has no upstream branch.
To push the current branch and set the remote as upstream, use

    git push --set-upstream origin Pingol-local

To have this happen automatically for branches without a tracking
upstream, see 'push.autoSetupRemote' in 'git help config'.


Adrian@BigRED MINGW64 ~/Desktop/Pingol/TSM3B (Pingol-local)
$ git push --set-upstream origin Pingol-local
Enumerating objects: 6, done.
Counting objects: 100% (6/6), done.
Delta compression using up to 4 threads
Compressing objects: 100% (4/4), done.
Writing objects: 100% (4/4), 559 bytes | 559.00 KiB/s, done.
Total 4 (delta 2), reused 0 (delta 0), pack-reused 0
remote: Resolving deltas: 100% (2/2), completed with 1 local object.
To https://github.com/amillet2001/TSM3B
   765f650..4c63c5d  Pingol-local -> Pingol-local
branch 'Pingol-local' set up to track 'origin/Pingol-local'.

Adrian@BigRED MINGW64 ~/Desktop/Pingol/TSM3B (Pingol-local)
$ git push
Everything up-to-date

Adrian@BigRED MINGW64 ~/Desktop/Pingol/TSM3B (Pingol-local)
$ git add .

Adrian@BigRED MINGW64 ~/Desktop/Pingol/TSM3B (Pingol-local)
$ git commit -m "HTML"
[Pingol-local 32a704d] HTML
 1 file changed, 33 insertions(+)
 create mode 100644 2021300093/2021300422-profile.html

Adrian@BigRED MINGW64 ~/Desktop/Pingol/TSM3B (Pingol-local)
$ git push
Enumerating objects: 6, done.
Counting objects: 100% (6/6), done.
Delta compression using up to 4 threads
Compressing objects: 100% (4/4), done.
Writing objects: 100% (4/4), 780 bytes | 780.00 KiB/s, done.
Total 4 (delta 1), reused 0 (delta 0), pack-reused 0
remote: Resolving deltas: 100% (1/1), completed with 1 local object.
To https://github.com/amillet2001/TSM3B
   4c63c5d..32a704d  Pingol-local -> Pingol-local

Adrian@BigRED MINGW64 ~/Desktop/Pingol/TSM3B (Pingol-local)
$ touch Pingol-logs.txt

Adrian@BigRED MINGW64 ~/Desktop/Pingol/TSM3B (Pingol-local)
$
