
C412-PC05@DESKTOP-TV15OAQ MINGW64 ~/Desktop/MAGPAYO
$ git init
Initialized empty Git repository in C:/Users/C412-PC05/Desktop/MAGPAYO/.git/

C412-PC05@DESKTOP-TV15OAQ MINGW64 ~/Desktop/MAGPAYO (master)
$ git status
On branch master

No commits yet

nothing to commit (create/copy files and use "git add" to track)

C412-PC05@DESKTOP-TV15OAQ MINGW64 ~/Desktop/MAGPAYO (master)
$ touch test,txt

C412-PC05@DESKTOP-TV15OAQ MINGW64 ~/Desktop/MAGPAYO (master)
$ git add test.txt
fatal: pathspec 'test.txt' did not match any files

C412-PC05@DESKTOP-TV15OAQ MINGW64 ~/Desktop/MAGPAYO (master)
$ touch test.txt

C412-PC05@DESKTOP-TV15OAQ MINGW64 ~/Desktop/MAGPAYO (master)
$ git add test.txt

C412-PC05@DESKTOP-TV15OAQ MINGW64 ~/Desktop/MAGPAYO (master)
$ git commit -m "First Commit"
[master (root-commit) 866dab9] First Commit
 1 file changed, 0 insertions(+), 0 deletions(-)
 create mode 100644 test.txt

C412-PC05@DESKTOP-TV15OAQ MINGW64 ~/Desktop/MAGPAYO (master)
$ git commit --ammend --reset-author -m "ressetting author"
error: unknown option `ammend'
usage: git commit [<options>] [--] <pathspec>...

    -q, --quiet           suppress summary after successful commit
    -v, --verbose         show diff in commit message template

Commit message options
    -F, --file <file>     read message from file
    --author <author>     override author for commit
    --date <date>         override date for commit
    -m, --message <message>
                          commit message
    -c, --reedit-message <commit>
                          reuse and edit message from specified commit
    -C, --reuse-message <commit>
                          reuse message from specified commit
    --fixup [(amend|reword):]commit
                          use autosquash formatted message to fixup or amend/reword specified commit
    --squash <commit>     use autosquash formatted message to squash specified commit
    --reset-author        the commit is authored by me now (used with -C/-c/--amend)
    --trailer <trailer>   add custom trailer(s)
    -s, --signoff         add a Signed-off-by trailer
    -t, --template <file>
                          use specified template file
    -e, --edit            force edit of commit
    --cleanup <mode>      how to strip spaces and #comments from message
    --status              include status in commit message template
    -S, --gpg-sign[=<key-id>]
                          GPG sign commit

Commit contents options
    -a, --all             commit all changed files
    -i, --include         add specified files to index for commit
    --interactive         interactively add files
    -p, --patch           interactively add changes
    -o, --only            commit only specified files
    -n, --no-verify       bypass pre-commit and commit-msg hooks
    --dry-run             show what would be committed
    --short               show status concisely
    --branch              show branch information
    --ahead-behind        compute full ahead/behind values
    --porcelain           machine-readable output
    --long                show status in long format (default)
    -z, --null            terminate entries with NUL
    --amend               amend previous commit
    --no-post-rewrite     bypass post-rewrite hook
    -u, --untracked-files[=<mode>]
                          show untracked files, optional modes: all, normal, no. (Default: all)
    --pathspec-from-file <file>
                          read pathspec from file
    --pathspec-file-nul   with --pathspec-from-file, pathspec elements are separated with NUL character


C412-PC05@DESKTOP-TV15OAQ MINGW64 ~/Desktop/MAGPAYO (master)
$ git commit --amend --reset-author -m "ressetting author"
[master a7599c9] ressetting author
 1 file changed, 0 insertions(+), 0 deletions(-)
 create mode 100644 test.txt

C412-PC05@DESKTOP-TV15OAQ MINGW64 ~/Desktop/MAGPAYO (master)
$ echo "Hi sir" > test.txt

C412-PC05@DESKTOP-TV15OAQ MINGW64 ~/Desktop/MAGPAYO (master)
$ echo "Hi sirr" > test.txt

C412-PC05@DESKTOP-TV15OAQ MINGW64 ~/Desktop/MAGPAYO (master)
$ git add test.txt
warning: in the working copy of 'test.txt', LF will be replaced by CRLF the next time Git touches it

C412-PC05@DESKTOP-TV15OAQ MINGW64 ~/Desktop/MAGPAYO (master)
$ git commit -m "Second Commit"
[master fc48e6d] Second Commit
 1 file changed, 1 insertion(+)

C412-PC05@DESKTOP-TV15OAQ MINGW64 ~/Desktop/MAGPAYO (master)
$ git config --global user.name "cedzi"

C412-PC05@DESKTOP-TV15OAQ MINGW64 ~/Desktop/MAGPAYO (master)
$ git config --global user.email "magpayoced@gmail.com"

C412-PC05@DESKTOP-TV15OAQ MINGW64 ~/Desktop/MAGPAYO (master)
$ git status
On branch master
Untracked files:
  (use "git add <file>..." to include in what will be committed)
        test,txt

nothing added to commit but untracked files present (use "git add" to track)

C412-PC05@DESKTOP-TV15OAQ MINGW64 ~/Desktop/MAGPAYO (master)
$ git clone https://github.com/amillet2001/TSM3B
Cloning into 'TSM3B'...
remote: Enumerating objects: 183, done.
remote: Counting objects: 100% (122/122), done.
remote: Compressing objects: 100% (77/77), done.
remote: Total 183 (delta 61), reused 78 (delta 36), pack-reused 61
Receiving objects: 100% (183/183), 107.88 KiB | 2.40 MiB/s, done.
Resolving deltas: 100% (65/65), done.

C412-PC05@DESKTOP-TV15OAQ MINGW64 ~/Desktop/MAGPAYO (master)
$ cd TSM3B

C412-PC05@DESKTOP-TV15OAQ MINGW64 ~/Desktop/MAGPAYO/TSM3B (main)
$ checkout -b magpayo-iptq1
bash: checkout: command not found

C412-PC05@DESKTOP-TV15OAQ MINGW64 ~/Desktop/MAGPAYO/TSM3B (main)
$ git checkout -b "magpayo-iptq1"
Switched to a new branch 'magpayo-iptq1'

C412-PC05@DESKTOP-TV15OAQ MINGW64 ~/Desktop/MAGPAYO/TSM3B (magpayo-iptq1)
$ mkdir 2021300570

C412-PC05@DESKTOP-TV15OAQ MINGW64 ~/Desktop/MAGPAYO/TSM3B (magpayo-iptq1)
$ cd ^C

C412-PC05@DESKTOP-TV15OAQ MINGW64 ~/Desktop/MAGPAYO/TSM3B (magpayo-iptq1)
$ cd 2021300570

C412-PC05@DESKTOP-TV15OAQ MINGW64 ~/Desktop/MAGPAYO/TSM3B/2021300570 (magpayo-iptq1)
$ touch ced.txt

C412-PC05@DESKTOP-TV15OAQ MINGW64 ~/Desktop/MAGPAYO/TSM3B/2021300570 (magpayo-iptq1)
$ git add .

C412-PC05@DESKTOP-TV15OAQ MINGW64 ~/Desktop/MAGPAYO/TSM3B/2021300570 (magpayo-iptq1)
$ git commit -m "Third Commit"
[magpayo-iptq1 8ede786] Third Commit
 1 file changed, 0 insertions(+), 0 deletions(-)
 create mode 100644 2021300570/ced.txt

C412-PC05@DESKTOP-TV15OAQ MINGW64 ~/Desktop/MAGPAYO/TSM3B/2021300570 (magpayo-iptq1)
$ git status
On branch magpayo-iptq1
nothing to commit, working tree clean

C412-PC05@DESKTOP-TV15OAQ MINGW64 ~/Desktop/MAGPAYO/TSM3B/2021300570 (magpayo-iptq1)
$ git push -u origin^C

C412-PC05@DESKTOP-TV15OAQ MINGW64 ~/Desktop/MAGPAYO/TSM3B/2021300570 (magpayo-iptq1)
$ git push -u origin magpayo-iptq1







q
"



"'

""


q


`

"






C412-PC05@DESKTOP-TV15OAQ MINGW64 ~/Desktop/MAGPAYO/TSM3B/2021300570 (magpayo-iptq1)
$ git push -u origin magpayo-ipt1
error: src refspec magpayo-ipt1 does not match any
error: failed to push some refs to 'https://github.com/amillet2001/TSM3B'

C412-PC05@DESKTOP-TV15OAQ MINGW64 ~/Desktop/MAGPAYO/TSM3B/2021300570 (magpayo-iptq1)
$ git push -u origin magpayo-iptq1
Enumerating objects: 4, done.
Counting objects: 100% (4/4), done.
Delta compression using up to 8 threads
Compressing objects: 100% (2/2), done.
Writing objects: 100% (3/3), 303 bytes | 303.00 KiB/s, done.
Total 3 (delta 1), reused 0 (delta 0), pack-reused 0
remote: Resolving deltas: 100% (1/1), completed with 1 local object.
remote:
remote: Create a pull request for 'magpayo-iptq1' on GitHub by visiting:
remote:      https://github.com/amillet2001/TSM3B/pull/new/magpayo-iptq1
remote:
To https://github.com/amillet2001/TSM3B
 * [new branch]      magpayo-iptq1 -> magpayo-iptq1
branch 'magpayo-iptq1' set up to track 'origin/magpayo-iptq1'.

C412-PC05@DESKTOP-TV15OAQ MINGW64 ~/Desktop/MAGPAYO/TSM3B/2021300570 (magpayo-iptq1)
$ git checkout  magpayo-iptq1
Already on 'magpayo-iptq1'
Your branch is up to date with 'origin/magpayo-iptq1'.

C412-PC05@DESKTOP-TV15OAQ MINGW64 ~/Desktop/MAGPAYO/TSM3B/2021300570 (magpayo-iptq1)
$ git commit -m "fourth commit"
On branch magpayo-iptq1
Your branch is up to date with 'origin/magpayo-iptq1'.

Untracked files:
  (use "git add <file>..." to include in what will be committed)
        ../202130057--profile.html

nothing added to commit but untracked files present (use "git add" to track)

C412-PC05@DESKTOP-TV15OAQ MINGW64 ~/Desktop/MAGPAYO/TSM3B/2021300570 (magpayo-iptq1)
$ git add .

C412-PC05@DESKTOP-TV15OAQ MINGW64 ~/Desktop/MAGPAYO/TSM3B/2021300570 (magpayo-iptq1)
$ git commit -m "fourth commit"
On branch magpayo-iptq1
Your branch is up to date with 'origin/magpayo-iptq1'.

Untracked files:
  (use "git add <file>..." to include in what will be committed)
        ../202130057--profile.html

nothing added to commit but untracked files present (use "git add" to track)

C412-PC05@DESKTOP-TV15OAQ MINGW64 ~/Desktop/MAGPAYO/TSM3B/2021300570 (magpayo-iptq1)
$ git add .

C412-PC05@DESKTOP-TV15OAQ MINGW64 ~/Desktop/MAGPAYO/TSM3B/2021300570 (magpayo-iptq1)
$ git commit -m "fourth commit"
On branch magpayo-iptq1
Your branch is up to date with 'origin/magpayo-iptq1'.

Untracked files:
  (use "git add <file>..." to include in what will be committed)
        ../202130057--profile.html

nothing added to commit but untracked files present (use "git add" to track)

C412-PC05@DESKTOP-TV15OAQ MINGW64 ~/Desktop/MAGPAYO/TSM3B/2021300570 (magpayo-iptq1)
$ git add .

C412-PC05@DESKTOP-TV15OAQ MINGW64 ~/Desktop/MAGPAYO/TSM3B/2021300570 (magpayo-iptq1)
$ git commit -m "fourth commit"
On branch magpayo-iptq1
Your branch is up to date with 'origin/magpayo-iptq1'.

Untracked files:
  (use "git add <file>..." to include in what will be committed)
        ../202130057--profile.html

nothing added to commit but untracked files present (use "git add" to track)

C412-PC05@DESKTOP-TV15OAQ MINGW64 ~/Desktop/MAGPAYO/TSM3B/2021300570 (magpayo-iptq1)
$ git status
On branch magpayo-iptq1
Your branch is up to date with 'origin/magpayo-iptq1'.

Untracked files:
  (use "git add <file>..." to include in what will be committed)
        ../202130057--profile.html

nothing added to commit but untracked files present (use "git add" to track)

C412-PC05@DESKTOP-TV15OAQ MINGW64 ~/Desktop/MAGPAYO/TSM3B/2021300570 (magpayo-iptq1)
$ git add .^C

C412-PC05@DESKTOP-TV15OAQ MINGW64 ~/Desktop/MAGPAYO/TSM3B/2021300570 (magpayo-iptq1)
$ git add .

C412-PC05@DESKTOP-TV15OAQ MINGW64 ~/Desktop/MAGPAYO/TSM3B/2021300570 (magpayo-iptq1)
$ git add ../2021300570--profile.html
fatal: pathspec '../2021300570--profile.html' did not match any files

C412-PC05@DESKTOP-TV15OAQ MINGW64 ~/Desktop/MAGPAYO/TSM3B/2021300570 (magpayo-iptq1)
$ git add ..//2021300570--profile.html
fatal: pathspec '..//2021300570--profile.html' did not match any files

C412-PC05@DESKTOP-TV15OAQ MINGW64 ~/Desktop/MAGPAYO/TSM3B/2021300570 (magpayo-iptq1)
$ git add  ..//2021300570-profile.html
fatal: pathspec '..//2021300570-profile.html' did not match any files

C412-PC05@DESKTOP-TV15OAQ MINGW64 ~/Desktop/MAGPAYO/TSM3B/2021300570 (magpayo-iptq1)
$ git add .

C412-PC05@DESKTOP-TV15OAQ MINGW64 ~/Desktop/MAGPAYO/TSM3B/2021300570 (magpayo-iptq1)
$ git commit -m "fourt commit"
On branch magpayo-iptq1
Your branch is up to date with 'origin/magpayo-iptq1'.

Untracked files:
  (use "git add <file>..." to include in what will be committed)
        ../202130057--profile.html

nothing added to commit but untracked files present (use "git add" to track)

C412-PC05@DESKTOP-TV15OAQ MINGW64 ~/Desktop/MAGPAYO/TSM3B/2021300570 (magpayo-iptq1)
$ git add ../2021300570--profile.html
fatal: pathspec '../2021300570--profile.html' did not match any files

C412-PC05@DESKTOP-TV15OAQ MINGW64 ~/Desktop/MAGPAYO/TSM3B/2021300570 (magpayo-iptq1)
$ git add .

C412-PC05@DESKTOP-TV15OAQ MINGW64 ~/Desktop/MAGPAYO/TSM3B/2021300570 (magpayo-iptq1)
$ git commit -m "fourth commit"
On branch magpayo-iptq1
Your branch is up to date with 'origin/magpayo-iptq1'.

Untracked files:
  (use "git add <file>..." to include in what will be committed)
        ../202130057--profile.html

nothing added to commit but untracked files present (use "git add" to track)

C412-PC05@DESKTOP-TV15OAQ MINGW64 ~/Desktop/MAGPAYO/TSM3B/2021300570 (magpayo-iptq1)
$ git add
Nothing specified, nothing added.
hint: Maybe you wanted to say 'git add .'?
hint: Turn this message off by running
hint: "git config advice.addEmptyPathspec false"

C412-PC05@DESKTOP-TV15OAQ MINGW64 ~/Desktop/MAGPAYO/TSM3B/2021300570 (magpayo-iptq1)
$ git add .

C412-PC05@DESKTOP-TV15OAQ MINGW64 ~/Desktop/MAGPAYO/TSM3B/2021300570 (magpayo-iptq1)
$ git commit -m "nth commit"
On branch magpayo-iptq1
Your branch is up to date with 'origin/magpayo-iptq1'.

Untracked files:
  (use "git add <file>..." to include in what will be committed)
        ../202130057--profile.html

nothing added to commit but untracked files present (use "git add" to track)

C412-PC05@DESKTOP-TV15OAQ MINGW64 ~/Desktop/MAGPAYO/TSM3B/2021300570 (magpayo-iptq1)
$ git add .

C412-PC05@DESKTOP-TV15OAQ MINGW64 ~/Desktop/MAGPAYO/TSM3B/2021300570 (magpayo-iptq1)
$ git commit -m
error: switch `m' requires a value

C412-PC05@DESKTOP-TV15OAQ MINGW64 ~/Desktop/MAGPAYO/TSM3B/2021300570 (magpayo-iptq1)
$ git commit -m "fourt commit"
On branch magpayo-iptq1
Your branch is up to date with 'origin/magpayo-iptq1'.

Untracked files:
  (use "git add <file>..." to include in what will be committed)
        ../202130057--profile.html

nothing added to commit but untracked files present (use "git add" to track)

C412-PC05@DESKTOP-TV15OAQ MINGW64 ~/Desktop/MAGPAYO/TSM3B/2021300570 (magpayo-iptq1)
$ git add 202130057--profile.htm
fatal: pathspec '202130057--profile.htm' did not match any files

C412-PC05@DESKTOP-TV15OAQ MINGW64 ~/Desktop/MAGPAYO/TSM3B/2021300570 (magpayo-iptq1)
$ git add 202130057--profile.html
fatal: pathspec '202130057--profile.html' did not match any files

C412-PC05@DESKTOP-TV15OAQ MINGW64 ~/Desktop/MAGPAYO/TSM3B/2021300570 (magpayo-iptq1)
$ git add 202130057-profile.html
fatal: pathspec '202130057-profile.html' did not match any files

C412-PC05@DESKTOP-TV15OAQ MINGW64 ~/Desktop/MAGPAYO/TSM3B/2021300570 (magpayo-iptq1)
$ git add .

C412-PC05@DESKTOP-TV15OAQ MINGW64 ~/Desktop/MAGPAYO/TSM3B/2021300570 (magpayo-iptq1)
$ git commit -m "fourth commit"
[magpayo-iptq1 5b9ddcf] fourth commit
 1 file changed, 16 insertions(+)
 create mode 100644 2021300570/202130057--profile.html

C412-PC05@DESKTOP-TV15OAQ MINGW64 ~/Desktop/MAGPAYO/TSM3B/2021300570 (magpayo-iptq1)
$ git push -u origin magpayo-iptq1

Enumerating objects: 6, done.
Counting objects: 100% (6/6), done.
Delta compression using up to 8 threads
Compressing objects: 100% (4/4), done.
Writing objects: 100% (4/4), 834 bytes | 834.00 KiB/s, done.
Total 4 (delta 1), reused 0 (delta 0), pack-reused 0
remote: Resolving deltas: 100% (1/1), completed with 1 local object.
To https://github.com/amillet2001/TSM3B
   8ede786..5b9ddcf  magpayo-iptq1 -> magpayo-iptq1
branch 'magpayo-iptq1' set up to track 'origin/magpayo-iptq1'.

C412-PC05@DESKTOP-TV15OAQ MINGW64 ~/Desktop/MAGPAYO/TSM3B/2021300570 (magpayo-iptq1)
$

C412-PC05@DESKTOP-TV15OAQ MINGW64 ~/Desktop/MAGPAYO/TSM3B/2021300570 (magpayo-iptq1)
$ git status
On branch magpayo-iptq1
Your branch is up to date with 'origin/magpayo-iptq1'.

nothing to commit, working tree clean

C412-PC05@DESKTOP-TV15OAQ MINGW64 ~/Desktop/MAGPAYO/TSM3B/2021300570 (magpayo-iptq1)
$ git status
On branch magpayo-iptq1
Your branch is up to date with 'origin/magpayo-iptq1'.

Untracked files:
  (use "git add <file>..." to include in what will be committed)
        ../202130057--profile.html

nothing added to commit but untracked files present (use "git add" to track)

C412-PC05@DESKTOP-TV15OAQ MINGW64 ~/Desktop/MAGPAYO/TSM3B/2021300570 (magpayo-iptq1)
$ git add .

C412-PC05@DESKTOP-TV15OAQ MINGW64 ~/Desktop/MAGPAYO/TSM3B/2021300570 (magpayo-iptq1)
$ git commit -m "5th commit"
On branch magpayo-iptq1
Your branch is up to date with 'origin/magpayo-iptq1'.

Untracked files:
  (use "git add <file>..." to include in what will be committed)
        ../202130057--profile.html

nothing added to commit but untracked files present (use "git add" to track)

C412-PC05@DESKTOP-TV15OAQ MINGW64 ~/Desktop/MAGPAYO/TSM3B/2021300570 (magpayo-iptq1)
$ git add .

C412-PC05@DESKTOP-TV15OAQ MINGW64 ~/Desktop/MAGPAYO/TSM3B/2021300570 (magpayo-iptq1)
$ git commit -m "5th commit"
On branch magpayo-iptq1
Your branch is up to date with 'origin/magpayo-iptq1'.

Untracked files:
  (use "git add <file>..." to include in what will be committed)
        ../202130057--profile.html

nothing added to commit but untracked files present (use "git add" to track)

C412-PC05@DESKTOP-TV15OAQ MINGW64 ~/Desktop/MAGPAYO/TSM3B/2021300570 (magpayo-iptq1)
$ git add .

C412-PC05@DESKTOP-TV15OAQ MINGW64 ~/Desktop/MAGPAYO/TSM3B/2021300570 (magpayo-iptq1)
$ git commit -m "5th commit"
[magpayo-iptq1 ccd6ba3] 5th commit
 1 file changed, 1 insertion(+), 1 deletion(-)

C412-PC05@DESKTOP-TV15OAQ MINGW64 ~/Desktop/MAGPAYO/TSM3B/2021300570 (magpayo-iptq1)
$ git push -u origin magpayo-iptq1
Enumerating objects: 7, done.
Counting objects: 100% (7/7), done.
Delta compression using up to 8 threads
Compressing objects: 100% (4/4), done.
Writing objects: 100% (4/4), 389 bytes | 389.00 KiB/s, done.
Total 4 (delta 2), reused 0 (delta 0), pack-reused 0
remote: Resolving deltas: 100% (2/2), completed with 2 local objects.
To https://github.com/amillet2001/TSM3B
   5b9ddcf..ccd6ba3  magpayo-iptq1 -> magpayo-iptq1
branch 'magpayo-iptq1' set up to track 'origin/magpayo-iptq1'.

C412-PC05@DESKTOP-TV15OAQ MINGW64 ~/Desktop/MAGPAYO/TSM3B/2021300570 (magpayo-iptq1)
$ git status
On branch magpayo-iptq1
Your branch is up to date with 'origin/magpayo-iptq1'.

nothing to commit, working tree clean

C412-PC05@DESKTOP-TV15OAQ MINGW64 ~/Desktop/MAGPAYO/TSM3B/2021300570 (magpayo-iptq1)
$
